[INFO] Scanning for projects...
[INFO] 
[INFO] -----------------< com.bicycle:sport-bike-exchange-be >-----------------
[INFO] Building sport-bike-exchange-be 0.1
[INFO]   from pom.xml
[INFO] --------------------------------[ jar ]---------------------------------
[INFO] 
[INFO] --- resources:3.3.1:resources (default-resources) @ sport-bike-exchange-be ---
[INFO] Copying 1 resource from src\main\resources to target\classes
[INFO] Copying 2 resources from src\main\resources to target\classes
[INFO] 
[INFO] --- compiler:3.13.0:compile (default-compile) @ sport-bike-exchange-be ---
[INFO] Recompiling the module because of added or removed source files.
[INFO] Compiling 159 source files with javac [debug parameters release 21] to target\classes
[WARNING] /D:/SWP/sport-bike-exchange-be/src/main/java/com/bicycle/marketplace/mapper/WishlistMapper.java:[10,22] Unmapped target properties: "userId, listingId".
[WARNING] /D:/SWP/sport-bike-exchange-be/src/main/java/com/bicycle/marketplace/mapper/CheckInMapper.java:[15,21] Unmapped target property: "roleId".
[WARNING] /D:/SWP/sport-bike-exchange-be/src/main/java/com/bicycle/marketplace/mapper/CheckInMapper.java:[18,13] Unmapped target properties: "checkInId, event".
[WARNING] /D:/SWP/sport-bike-exchange-be/src/main/java/com/bicycle/marketplace/mapper/CheckInMapper.java:[20,10] Unmapped target properties: "checkInId, user, event".
[WARNING] /D:/SWP/sport-bike-exchange-be/src/main/java/com/bicycle/marketplace/mapper/BrandMapper.java:[12,11] Unmapped target property: "brandId".
[WARNING] /D:/SWP/sport-bike-exchange-be/src/main/java/com/bicycle/marketplace/mapper/BrandMapper.java:[14,10] Unmapped target property: "brandId".
[WARNING] /D:/SWP/sport-bike-exchange-be/src/main/java/com/bicycle/marketplace/mapper/EventBicycleMapper.java:[12,18] Unmapped target properties: "eventBikeId, event, listing, seller, sellerName".
[WARNING] /D:/SWP/sport-bike-exchange-be/src/main/java/com/bicycle/marketplace/mapper/EventBicycleMapper.java:[13,26] Unmapped target properties: "eventId, listingId".
[WARNING] /D:/SWP/sport-bike-exchange-be/src/main/java/com/bicycle/marketplace/mapper/EventBicycleMapper.java:[14,10] Unmapped target properties: "eventBikeId, event, listing, seller, sellerName".
[WARNING] /D:/SWP/sport-bike-exchange-be/src/main/java/com/bicycle/marketplace/mapper/EventMapper.java:[17,19] Unmapped target property: "updateTime".
[WARNING] /D:/SWP/sport-bike-exchange-be/src/main/java/com/bicycle/marketplace/mapper/EventMapper.java:[20,12] Unmapped target properties: "eventId, updateDate".
[WARNING] /D:/SWP/sport-bike-exchange-be/src/main/java/com/bicycle/marketplace/mapper/EventMapper.java:[22,10] Unmapped target properties: "eventId, creator, updateDate".
[WARNING] /D:/SWP/sport-bike-exchange-be/src/main/java/com/bicycle/marketplace/mapper/DisputeMapper.java:[13,21] Unmapped target properties: "transactionId, userId, createAt".
[WARNING] /D:/SWP/sport-bike-exchange-be/src/main/java/com/bicycle/marketplace/mapper/DisputeMapper.java:[14,13] Unmapped target properties: "disputeId, transaction, raisedBy, createdAt".
[WARNING] /D:/SWP/sport-bike-exchange-be/src/main/java/com/bicycle/marketplace/mapper/DisputeMapper.java:[15,10] Unmapped target properties: "disputeId, transaction, raisedBy, createdAt".
[WARNING] /D:/SWP/sport-bike-exchange-be/src/main/java/com/bicycle/marketplace/mapper/DepositMapper.java:[12,21] Unmapped target properties: "userId, listingId, createAt".
[WARNING] /D:/SWP/sport-bike-exchange-be/src/main/java/com/bicycle/marketplace/mapper/DepositMapper.java:[13,13] Unmapped target properties: "depositId, user, listing, createdAt".
[WARNING] /D:/SWP/sport-bike-exchange-be/src/main/java/com/bicycle/marketplace/mapper/DepositMapper.java:[14,10] Unmapped target properties: "depositId, user, listing, createdAt".
[WARNING] /D:/SWP/sport-bike-exchange-be/src/main/java/com/bicycle/marketplace/mapper/TransactionMapper.java:[12,25] Unmapped target properties: "buyerId, depositId, eventId, reservationId, sellerId, listingId, createdAt".
[WARNING] /D:/SWP/sport-bike-exchange-be/src/main/java/com/bicycle/marketplace/mapper/TransactionMapper.java:[13,17] Unmapped target properties: "transactionId, event, listing, buyer, seller, deposit, reservation, createAt".
[WARNING] /D:/SWP/sport-bike-exchange-be/src/main/java/com/bicycle/marketplace/mapper/TransactionMapper.java:[14,10] Unmapped target properties: "transactionId, event, listing, buyer, seller, deposit, reservation, createAt".
[WARNING] /D:/SWP/sport-bike-exchange-be/src/main/java/com/bicycle/marketplace/mapper/ReservationMapper.java:[12,25] Unmapped target properties: "bikeListingId, buyerId".
[WARNING] /D:/SWP/sport-bike-exchange-be/src/main/java/com/bicycle/marketplace/mapper/ReservationMapper.java:[13,17] Unmapped target properties: "reservationId, listing, buyer".
[WARNING] /D:/SWP/sport-bike-exchange-be/src/main/java/com/bicycle/marketplace/mapper/ReservationMapper.java:[14,10] Unmapped target properties: "reservationId, listing, buyer".
[WARNING] /D:/SWP/sport-bike-exchange-be/src/main/java/com/bicycle/marketplace/mapper/PostingMapper.java:[13,13] Unmapped target properties: "bikeId, weight, saddle, chainring, chain, handlebar, rim, shockAbsorber".
[WARNING] /D:/SWP/sport-bike-exchange-be/src/main/java/com/bicycle/marketplace/mapper/PostingMapper.java:[15,17] Unmapped target properties: "listingId, seller, status, createdAt, updatedAt".
[WARNING] /D:/SWP/sport-bike-exchange-be/src/main/java/com/bicycle/marketplace/mapper/PostingMapper.java:[17,10] Unmapped target properties: "bikeId, brand, category, weight, saddle, chainring, chain, handlebar, rim, shockAbsorber".
[WARNING] /D:/SWP/sport-bike-exchange-be/src/main/java/com/bicycle/marketplace/mapper/PostingMapper.java:[19,10] Unmapped target properties: "listingId, bicycle, seller, image_url, status, createdAt, updatedAt".
[WARNING] /D:/SWP/sport-bike-exchange-be/src/main/java/com/bicycle/marketplace/mapper/InspectionReportMapper.java:[12,30] Unmapped target properties: "disputeId, inspectorId, createAt".
[WARNING] /D:/SWP/sport-bike-exchange-be/src/main/java/com/bicycle/marketplace/mapper/InspectionReportMapper.java:[13,22] Unmapped target properties: "reportId, dispute, inspector, createdAt".
[WARNING] /D:/SWP/sport-bike-exchange-be/src/main/java/com/bicycle/marketplace/mapper/InspectionReportMapper.java:[14,10] Unmapped target properties: "reportId, dispute, inspector, createdAt".
[WARNING] /D:/SWP/sport-bike-exchange-be/src/main/java/com/bicycle/marketplace/mapper/UserMapper.java:[15,11] Unmapped target properties: "userId, role, googleId, createdAt".
[WARNING] /D:/SWP/sport-bike-exchange-be/src/main/java/com/bicycle/marketplace/mapper/UserMapper.java:[17,18] Unmapped target properties: "hasPassword, create_date".
[WARNING] /D:/SWP/sport-bike-exchange-be/src/main/java/com/bicycle/marketplace/mapper/UserMapper.java:[22,10] Unmapped target properties: "userId, username, status, role, googleId, createdAt".
[WARNING] /D:/SWP/sport-bike-exchange-be/src/main/java/com/bicycle/marketplace/mapper/CategoryMapper.java:[13,14] Unmapped target property: "categoryId".
[WARNING] /D:/SWP/sport-bike-exchange-be/src/main/java/com/bicycle/marketplace/mapper/CategoryMapper.java:[15,10] Unmapped target property: "categoryId".
[INFO] ------------------------------------------------------------------------
[INFO] BUILD SUCCESS
[INFO] ------------------------------------------------------------------------
[INFO] Total time:  12.102 s
[INFO] Finished at: 2026-03-09T15:56:26+07:00
[INFO] ------------------------------------------------------------------------
